
Running 2 tests using 1 worker

Created job with ID: 36 at URL: http://localhost:3000/jobs/36
  тЬШ  1 [chromium] тА║ tests\e2e\04-proposals-escrow.spec.js:39:5 тА║ Proposals and Escrow тА║ Job Lifecycle - From Creation to Completion (52.0s)
  тЬШ  2 [chromium] тА║ tests\e2e\04-proposals-escrow.spec.js:124:5 тА║ Proposals and Escrow тА║ 07 - Reject Proposal (29.1s)


  1) [chromium] тА║ tests\e2e\04-proposals-escrow.spec.js:39:5 тА║ Proposals and Escrow тА║ Job Lifecycle - From Creation to Completion 

    Error: [2mexpect([22m[31mlocator[39m[2m).[22mtoContainText[2m([22m[32mexpected[39m[2m)[22m failed

    Locator: locator('[data-testid="job-status"]')
    Expected pattern: [32m/╨б╨┤╨░╨╜╨╛|Submitted/i[39m
    Received string:  [31m"╨Т ╤А╨░╨▒╨╛╤В╨╡"[39m
    Timeout: 15000ms

    Call log:
    [2m  - Expect "toContainText" with timeout 15000ms[22m
    [2m  - waiting for locator('[data-testid="job-status"]')[22m
    [2m    18 ├Ч locator resolved to <span data-testid="job-status" class="px-3 py-1 text-xs font-bold rounded-full uppercase tracking-wider bg-blue-100 text-blue-700">╨Т ╤А╨░╨▒╨╛╤В╨╡</span>[22m
    [2m       - unexpected value "╨Т ╤А╨░╨▒╨╛╤В╨╡"[22m


      107 |         await page.click('[data-testid="submit-work-button"]');
      108 |
    > 109 |         await expect(page.locator('[data-testid="job-status"]')).toContainText(/╨б╨┤╨░╨╜╨╛|Submitted/i, { timeout: 15000 });
          |                                                                  ^
      110 |
      111 |         // --- 06 - Client Approves and Releases Payment ---
      112 |         await login(page, client.email, client.password, 'C');
        at F:\TmWork\frontend\tests\e2e\04-proposals-escrow.spec.js:109:66

    attachment #1: screenshot (image/png) тФАтФАтФАтФАтФАтФАтФАтФАтФАтФАтФАтФАтФАтФАтФАтФАтФАтФАтФАтФАтФАтФАтФАтФАтФАтФАтФАтФАтФАтФАтФАтФАтФАтФАтФАтФАтФАтФАтФАтФАтФАтФАтФАтФАтФАтФАтФАтФАтФАтФАтФАтФАтФАтФАтФАтФАтФАтФА
    test-results\04-proposals-escrow-Propos-b0d7c-From-Creation-to-Completion-chromium\test-failed-1.png
    тФАтФАтФАтФАтФАтФАтФАтФАтФАтФАтФАтФАтФАтФАтФАтФАтФАтФАтФАтФАтФАтФАтФАтФАтФАтФАтФАтФАтФАтФАтФАтФАтФАтФАтФАтФАтФАтФАтФАтФАтФАтФАтФАтФАтФАтФАтФАтФАтФАтФАтФАтФАтФАтФАтФАтФАтФАтФАтФАтФАтФАтФАтФАтФАтФАтФАтФАтФАтФАтФАтФАтФАтФАтФАтФАтФАтФАтФАтФАтФАтФАтФАтФАтФАтФАтФАтФАтФАтФАтФАтФАтФАтФАтФАтФАтФА

    Error Context: test-results\04-proposals-escrow-Propos-b0d7c-From-Creation-to-Completion-chromium\error-context.md

    attachment #3: trace (application/zip) тФАтФАтФАтФАтФАтФАтФАтФАтФАтФАтФАтФАтФАтФАтФАтФАтФАтФАтФАтФАтФАтФАтФАтФАтФАтФАтФАтФАтФАтФАтФАтФАтФАтФАтФАтФАтФАтФАтФАтФАтФАтФАтФАтФАтФАтФАтФАтФАтФАтФАтФАтФАтФАтФАтФАтФАтФА
    test-results\04-proposals-escrow-Propos-b0d7c-From-Creation-to-Completion-chromium\trace.zip
    Usage:

        npx playwright show-trace test-results\04-proposals-escrow-Propos-b0d7c-From-Creation-to-Completion-chromium\trace.zip

    тФАтФАтФАтФАтФАтФАтФАтФАтФАтФАтФАтФАтФАтФАтФАтФАтФАтФАтФАтФАтФАтФАтФАтФАтФАтФАтФАтФАтФАтФАтФАтФАтФАтФАтФАтФАтФАтФАтФАтФАтФАтФАтФАтФАтФАтФАтФАтФАтФАтФАтФАтФАтФАтФАтФАтФАтФАтФАтФАтФАтФАтФАтФАтФАтФАтФАтФАтФАтФАтФАтФАтФАтФАтФАтФАтФАтФАтФАтФАтФАтФАтФАтФАтФАтФАтФАтФАтФАтФАтФАтФАтФАтФАтФАтФАтФА

  2) [chromium] тА║ tests\e2e\04-proposals-escrow.spec.js:124:5 тА║ Proposals and Escrow тА║ 07 - Reject Proposal 

    Error: [2mexpect([22m[31mlocator[39m[2m).[22mtoBeVisible[2m([22m[2m)[22m failed

    Locator: locator('[data-testid="job-details-container"]')
    Expected: visible
    Timeout: 20000ms
    Error: element(s) not found

    Call log:
    [2m  - Expect "toBeVisible" with timeout 20000ms[22m
    [2m  - waiting for locator('[data-testid="job-details-container"]')[22m


      134 |
      135 |         await page.waitForLoadState('networkidle');
    > 136 |         await expect(page.locator('[data-testid="job-details-container"]')).toBeVisible({ timeout: 20000 });
          |                                                                             ^
      137 |
      138 |         const rejJobId = page.url().match(/\/jobs\/(\d+)/)[1];
      139 |
        at F:\TmWork\frontend\tests\e2e\04-proposals-escrow.spec.js:136:77

    attachment #1: screenshot (image/png) тФАтФАтФАтФАтФАтФАтФАтФАтФАтФАтФАтФАтФАтФАтФАтФАтФАтФАтФАтФАтФАтФАтФАтФАтФАтФАтФАтФАтФАтФАтФАтФАтФАтФАтФАтФАтФАтФАтФАтФАтФАтФАтФАтФАтФАтФАтФАтФАтФАтФАтФАтФАтФАтФАтФАтФАтФАтФА
    test-results\04-proposals-escrow-Propos-ea88b-Escrow-07---Reject-Proposal-chromium\test-failed-1.png
    тФАтФАтФАтФАтФАтФАтФАтФАтФАтФАтФАтФАтФАтФАтФАтФАтФАтФАтФАтФАтФАтФАтФАтФАтФАтФАтФАтФАтФАтФАтФАтФАтФАтФАтФАтФАтФАтФАтФАтФАтФАтФАтФАтФАтФАтФАтФАтФАтФАтФАтФАтФАтФАтФАтФАтФАтФАтФАтФАтФАтФАтФАтФАтФАтФАтФАтФАтФАтФАтФАтФАтФАтФАтФАтФАтФАтФАтФАтФАтФАтФАтФАтФАтФАтФАтФАтФАтФАтФАтФАтФАтФАтФАтФАтФАтФА

    Error Context: test-results\04-proposals-escrow-Propos-ea88b-Escrow-07---Reject-Proposal-chromium\error-context.md

    attachment #3: trace (application/zip) тФАтФАтФАтФАтФАтФАтФАтФАтФАтФАтФАтФАтФАтФАтФАтФАтФАтФАтФАтФАтФАтФАтФАтФАтФАтФАтФАтФАтФАтФАтФАтФАтФАтФАтФАтФАтФАтФАтФАтФАтФАтФАтФАтФАтФАтФАтФАтФАтФАтФАтФАтФАтФАтФАтФАтФАтФА
    test-results\04-proposals-escrow-Propos-ea88b-Escrow-07---Reject-Proposal-chromium\trace.zip
    Usage:

        npx playwright show-trace test-results\04-proposals-escrow-Propos-ea88b-Escrow-07---Reject-Proposal-chromium\trace.zip

    тФАтФАтФАтФАтФАтФАтФАтФАтФАтФАтФАтФАтФАтФАтФАтФАтФАтФАтФАтФАтФАтФАтФАтФАтФАтФАтФАтФАтФАтФАтФАтФАтФАтФАтФАтФАтФАтФАтФАтФАтФАтФАтФАтФАтФАтФАтФАтФАтФАтФАтФАтФАтФАтФАтФАтФАтФАтФАтФАтФАтФАтФАтФАтФАтФАтФАтФАтФАтФАтФАтФАтФАтФАтФАтФАтФАтФАтФАтФАтФАтФАтФАтФАтФАтФАтФАтФАтФАтФАтФАтФАтФАтФАтФАтФАтФА

  2 failed
    [chromium] тА║ tests\e2e\04-proposals-escrow.spec.js:39:5 тА║ Proposals and Escrow тА║ Job Lifecycle - From Creation to Completion 
    [chromium] тА║ tests\e2e\04-proposals-escrow.spec.js:124:5 тА║ Proposals and Escrow тА║ 07 - Reject Proposal 
